Archive member included to satisfy reference by file (symbol)

C:/ST/STM32CubeIDE_1.10.1/STM32CubeIDE/plugins/com.st.stm32cube.ide.mcu.externaltools.gnu-tools-for-stm32.12.3.rel1.win32_1.0.200.202406191623/tools/bin/../lib/gcc/arm-none-eabi/12.3.1/../../../../arm-none-eabi/lib/thumb/v7e-m+fp/hard\libc_nano.a(libc_a-exit.o)
                              C:/ST/STM32CubeIDE_1.10.1/STM32CubeIDE/plugins/com.st.stm32cube.ide.mcu.externaltools.gnu-tools-for-stm32.12.3.rel1.win32_1.0.200.202406191623/tools/bin/../lib/gcc/arm-none-eabi/12.3.1/../../../../arm-none-eabi/lib/thumb/v7e-m+fp/hard/crt0.o (exit)
C:/ST/STM32CubeIDE_1.10.1/STM32CubeIDE/plugins/com.st.stm32cube.ide.mcu.externaltools.gnu-tools-for-stm32.12.3.rel1.win32_1.0.200.202406191623/tools/bin/../lib/gcc/arm-none-eabi/12.3.1/../../../../arm-none-eabi/lib/thumb/v7e-m+fp/hard\libc_nano.a(libc_a-findfp.o)
                              C:/ST/STM32CubeIDE_1.10.1/STM32CubeIDE/plugins/com.st.stm32cube.ide.mcu.externaltools.gnu-tools-for-stm32.12.3.rel1.win32_1.0.200.202406191623/tools/bin/../lib/gcc/arm-none-eabi/12.3.1/../../../../arm-none-eabi/lib/thumb/v7e-m+fp/hard\libc_nano.a(libc_a-exit.o) (__stdio_exit_handler)
C:/ST/STM32CubeIDE_1.10.1/STM32CubeIDE/plugins/com.st.stm32cube.ide.mcu.externaltools.gnu-tools-for-stm32.12.3.rel1.win32_1.0.200.202406191623/tools/bin/../lib/gcc/arm-none-eabi/12.3.1/../../../../arm-none-eabi/lib/thumb/v7e-m+fp/hard\libc_nano.a(libc_a-fwalk.o)
                              C:/ST/STM32CubeIDE_1.10.1/STM32CubeIDE/plugins/com.st.stm32cube.ide.mcu.externaltools.gnu-tools-for-stm32.12.3.rel1.win32_1.0.200.202406191623/tools/bin/../lib/gcc/arm-none-eabi/12.3.1/../../../../arm-none-eabi/lib/thumb/v7e-m+fp/hard\libc_nano.a(libc_a-findfp.o) (_fwalk_sglue)
C:/ST/STM32CubeIDE_1.10.1/STM32CubeIDE/plugins/com.st.stm32cube.ide.mcu.externaltools.gnu-tools-for-stm32.12.3.rel1.win32_1.0.200.202406191623/tools/bin/../lib/gcc/arm-none-eabi/12.3.1/../../../../arm-none-eabi/lib/thumb/v7e-m+fp/hard\libc_nano.a(libc_a-stdio.o)
                              C:/ST/STM32CubeIDE_1.10.1/STM32CubeIDE/plugins/com.st.stm32cube.ide.mcu.externaltools.gnu-tools-for-stm32.12.3.rel1.win32_1.0.200.202406191623/tools/bin/../lib/gcc/arm-none-eabi/12.3.1/../../../../arm-none-eabi/lib/thumb/v7e-m+fp/hard\libc_nano.a(libc_a-findfp.o) (__sread)
C:/ST/STM32CubeIDE_1.10.1/STM32CubeIDE/plugins/com.st.stm32cube.ide.mcu.externaltools.gnu-tools-for-stm32.12.3.rel1.win32_1.0.200.202406191623/tools/bin/../lib/gcc/arm-none-eabi/12.3.1/../../../../arm-none-eabi/lib/thumb/v7e-m+fp/hard\libc_nano.a(libc_a-memset.o)
                              C:/ST/STM32CubeIDE_1.10.1/STM32CubeIDE/plugins/com.st.stm32cube.ide.mcu.externaltools.gnu-tools-for-stm32.12.3.rel1.win32_1.0.200.202406191623/tools/bin/../lib/gcc/arm-none-eabi/12.3.1/../../../../arm-none-eabi/lib/thumb/v7e-m+fp/hard/crt0.o (memset)
C:/ST/STM32CubeIDE_1.10.1/STM32CubeIDE/plugins/com.st.stm32cube.ide.mcu.externaltools.gnu-tools-for-stm32.12.3.rel1.win32_1.0.200.202406191623/tools/bin/../lib/gcc/arm-none-eabi/12.3.1/../../../../arm-none-eabi/lib/thumb/v7e-m+fp/hard\libc_nano.a(libc_a-closer.o)
                              C:/ST/STM32CubeIDE_1.10.1/STM32CubeIDE/plugins/com.st.stm32cube.ide.mcu.externaltools.gnu-tools-for-stm32.12.3.rel1.win32_1.0.200.202406191623/tools/bin/../lib/gcc/arm-none-eabi/12.3.1/../../../../arm-none-eabi/lib/thumb/v7e-m+fp/hard\libc_nano.a(libc_a-stdio.o) (_close_r)
C:/ST/STM32CubeIDE_1.10.1/STM32CubeIDE/plugins/com.st.stm32cube.ide.mcu.externaltools.gnu-tools-for-stm32.12.3.rel1.win32_1.0.200.202406191623/tools/bin/../lib/gcc/arm-none-eabi/12.3.1/../../../../arm-none-eabi/lib/thumb/v7e-m+fp/hard\libc_nano.a(libc_a-reent.o)
                              C:/ST/STM32CubeIDE_1.10.1/STM32CubeIDE/plugins/com.st.stm32cube.ide.mcu.externaltools.gnu-tools-for-stm32.12.3.rel1.win32_1.0.200.202406191623/tools/bin/../lib/gcc/arm-none-eabi/12.3.1/../../../../arm-none-eabi/lib/thumb/v7e-m+fp/hard\libc_nano.a(libc_a-closer.o) (errno)
C:/ST/STM32CubeIDE_1.10.1/STM32CubeIDE/plugins/com.st.stm32cube.ide.mcu.externaltools.gnu-tools-for-stm32.12.3.rel1.win32_1.0.200.202406191623/tools/bin/../lib/gcc/arm-none-eabi/12.3.1/../../../../arm-none-eabi/lib/thumb/v7e-m+fp/hard\libc_nano.a(libc_a-impure.o)
                              C:/ST/STM32CubeIDE_1.10.1/STM32CubeIDE/plugins/com.st.stm32cube.ide.mcu.externaltools.gnu-tools-for-stm32.12.3.rel1.win32_1.0.200.202406191623/tools/bin/../lib/gcc/arm-none-eabi/12.3.1/../../../../arm-none-eabi/lib/thumb/v7e-m+fp/hard\libc_nano.a(libc_a-reent.o) (_impure_ptr)
C:/ST/STM32CubeIDE_1.10.1/STM32CubeIDE/plugins/com.st.stm32cube.ide.mcu.externaltools.gnu-tools-for-stm32.12.3.rel1.win32_1.0.200.202406191623/tools/bin/../lib/gcc/arm-none-eabi/12.3.1/../../../../arm-none-eabi/lib/thumb/v7e-m+fp/hard\libc_nano.a(libc_a-lseekr.o)
[...]
Memory Configuration

Name             Origin             Length             Attributes
RAM              0x20000000         0x00020000         xrw
FLASH            0x08000000         0x00080000         xr
*default*        0x00000000         0xffffffff

Linker script and memory map

LOAD C:/ST/STM32CubeIDE_1.10.1/STM32CubeIDE/plugins/com.st.stm32cube.ide.mcu.externaltools.gnu-tools-for-stm32.12.3.rel1.win32_1.0.200.202406191623/tools/bin/../lib/gcc/arm-none-eabi/12.3.1/thumb/v7e-m+fp/hard/crti.o
LOAD C:/ST/STM32CubeIDE_1.10.1/STM32CubeIDE/plugins/com.st.stm32cube.ide.mcu.externaltools.gnu-tools-for-stm32.12.3.rel1.win32_1.0.200.202406191623/tools/bin/../lib/gcc/arm-none-eabi/12.3.1/thumb/v7e-m+fp/hard/crtbegin.o
LOAD C:/ST/STM32CubeIDE_1.10.1/STM32CubeIDE/plugins/com.st.stm32cube.ide.mcu.externaltools.gnu-tools-for-stm32.12.3.rel1.win32_1.0.200.202406191623/tools/bin/../lib/gcc/arm-none-eabi/12.3.1/../../../../arm-none-eabi/lib/thumb/v7e-m+fp/hard/crt0.o
LOAD ./Drivers/Peripherals/Src/GPIO_Driver.o
LOAD ./Drivers/Peripherals/Src/GPTimer_Driver.o
LOAD ./Drivers/Peripherals/Src/SPI_Driver.o
LOAD ./Drivers/Peripherals/Src/SYSTICK_Driver.o
LOAD ./Drivers/Processor/Src/NVIC.o
LOAD ./Src/main.o
LOAD ./Src/syscalls.o
LOAD ./Src/sysmem.o
LOAD ./Startup/startup_stm32f411retx.o
START GROUP
LOAD C:/ST/STM32CubeIDE_1.10.1/STM32CubeIDE/plugins/com.st.stm32cube.ide.mcu.externaltools.gnu-tools-for-stm32.12.3.rel1.win32_1.0.200.202406191623/tools/bin/../lib/gcc/arm-none-eabi/12.3.1/../../../../arm-none-eabi/lib/thumb/v7e-m+fp/hard\libc_nano.a
LOAD C:/ST/STM32CubeIDE_1.10.1/STM32CubeIDE/plugins/com.st.stm32cube.ide.mcu.externaltools.gnu-tools-for-stm32.12.3.rel1.win32_1.0.200.202406191623/tools/bin/../lib/gcc/arm-none-eabi/12.3.1/../../../../arm-none-eabi/lib/thumb/v7e-m+fp/hard\libm.a
END GROUP
START GROUP
LOAD C:/ST/STM32CubeIDE_1.10.1/STM32CubeIDE/plugins/com.st.stm32cube.ide.mcu.externaltools.gnu-tools-for-stm32.12.3.rel1.win32_1.0.200.202406191623/tools/bin/../lib/gcc/arm-none-eabi/12.3.1/thumb/v7e-m+fp/hard\libgcc.a
LOAD C:/ST/STM32CubeIDE_1.10.1/STM32CubeIDE/plugins/com.st.stm32cube.ide.mcu.externaltools.gnu-tools-for-stm32.12.3.rel1.win32_1.0.200.202406191623/tools/bin/../lib/gcc/arm-none-eabi/12.3.1/../../../../arm-none-eabi/lib/thumb/v7e-m+fp/hard\libc_nano.a
END GROUP
START GROUP
LOAD C:/ST/STM32CubeIDE_1.10.1/STM32CubeIDE/plugins/com.st.stm32cube.ide.mcu.externaltools.gnu-tools-for-stm32.12.3.rel1.win32_1.0.200.202406191623/tools/bin/../lib/gcc/arm-none-eabi/12.3.1/thumb/v7e-m+fp/hard\libgcc.a
LOAD C:/ST/STM32CubeIDE_1.10.1/STM32CubeIDE/plugins/com.st.stm32cube.ide.mcu.externaltools.gnu-tools-for-stm32.12.3.rel1.win32_1.0.200.202406191623/tools/bin/../lib/gcc/arm-none-eabi/12.3.1/../../../../arm-none-eabi/lib/thumb/v7e-m+fp/hard\libc_nano.a
LOAD C:/ST/STM32CubeIDE_1.10.1/STM32CubeIDE/plugins/com.st.stm32cube.ide.mcu.externaltools.gnu-tools-for-stm32.12.3.rel1.win32_1.0.200.202406191623/tools/bin/../lib/gcc/arm-none-eabi/12.3.1/../../../../arm-none-eabi/lib/thumb/v7e-m+fp/hard\libnosys.a
END GROUP
START GROUP
LOAD C:/ST/STM32CubeIDE_1.10.1/STM32CubeIDE/plugins/com.st.stm32cube.ide.mcu.externaltools.gnu-tools-for-stm32.12.3.rel1.win32_1.0.200.202406191623/tools/bin/../lib/gcc/arm-none-eabi/12.3.1/thumb/v7e-m+fp/hard\libgcc.a
LOAD C:/ST/STM32CubeIDE_1.10.1/STM32CubeIDE/plugins/com.st.stm32cube.ide.mcu.externaltools.gnu-tools-for-stm32.12.3.rel1.win32_1.0.200.202406191623/tools/bin/../lib/gcc/arm-none-eabi/12.3.1/../../../../arm-none-eabi/lib/thumb/v7e-m+fp/hard\libc_nano.a
LOAD C:/ST/STM32CubeIDE_1.10.1/STM32CubeIDE/plugins/com.st.stm32cube.ide.mcu.externaltools.gnu-tools-for-stm32.12.3.rel1.win32_1.0.200.202406191623/tools/bin/../lib/gcc/arm-none-eabi/12.3.1/../../../../arm-none-eabi/lib/thumb/v7e-m+fp/hard\libnosys.a
END GROUP
LOAD C:/ST/STM32CubeIDE_1.10.1/STM32CubeIDE/plugins/com.st.stm32cube.ide.mcu.externaltools.gnu-tools-for-stm32.12.3.rel1.win32_1.0.200.202406191623/tools/bin/../lib/gcc/arm-none-eabi/12.3.1/thumb/v7e-m+fp/hard/crtend.o
LOAD C:/ST/STM32CubeIDE_1.10.1/STM32CubeIDE/plugins/com.st.stm32cube.ide.mcu.externaltools.gnu-tools-for-stm32.12.3.rel1.win32_1.0.200.202406191623/tools/bin/../lib/gcc/arm-none-eabi/12.3.1/thumb/v7e-m+fp/hard/crtn.o
                0x20020000                        _estack = (ORIGIN (RAM) + LENGTH (RAM))
                0x00000200                        _Min_Heap_Size = 0x200
                0x00000400                        _Min_Stack_Size = 0x400

.isr_vector     0x08000000      0x198
                0x08000000                        . = ALIGN (0x4)
 *(.isr_vector)
 .isr_vector    0x08000000      0x198 ./Startup/startup_stm32f411retx.o
                0x08000000                g_pfnVectors
                0x08000198                        . = ALIGN (0x4)

.text           0x08000198      0x980
                0x08000198                        . = ALIGN (0x4)
 *(.text)
 .text          0x08000198       0x40 C:/ST/STM32CubeIDE_1.10.1/STM32CubeIDE/plugins/com.st.stm32cube.ide.mcu.externaltools.gnu-tools-for-stm32.12.3.rel1.win32_1.0.200.202406191623/tools/bin/../lib/gcc/arm-none-eabi/12.3.1/thumb/v7e-m+fp/hard/crtbegin.o
 .text          0x080001d8       0x10 C:/ST/STM32CubeIDE_1.10.1/STM32CubeIDE/plugins/com.st.stm32cube.ide.mcu.externaltools.gnu-tools-for-stm32.12.3.rel1.win32_1.0.200.202406191623/tools/bin/../lib/gcc/arm-none-eabi/12.3.1/../../../../arm-none-eabi/lib/thumb/v7e-m+fp/hard\libc_nano.a(libc_a-strlen.o)
                0x080001d8                strlen
 *(.text*)
 .text.GPIOx_PClkControl
                0x080001e8      0x148 ./Drivers/Peripherals/Src/GPIO_Driver.o
                0x080001e8                GPIOx_PClkControl
 .text.GPIOx_Init
                0x08000330      0x350 ./Drivers/Peripherals/Src/GPIO_Driver.o
                0x08000330                GPIOx_Init
 .text.SPI_PCLK_Control
                0x08000680      0x118 ./Drivers/Peripherals/Src/SPI_Driver.o
                0x08000680                SPI_PCLK_Control
 .text.SPI_Init
                0x08000798       0xec ./Drivers/Peripherals/Src/SPI_Driver.o
                0x08000798                SPI_Init
 .text.SPI_SendData
                0x08000884       0x74 ./Drivers/Peripherals/Src/SPI_Driver.o
                0x08000884                SPI_SendData
 .text.SPI_Enable
                0x080008f8       0x20 ./Drivers/Peripherals/Src/SPI_Driver.o
                0x080008f8                SPI_Enable
 .text.SPI_Disable_blocking
                0x08000918       0x2e ./Drivers/Peripherals/Src/SPI_Driver.o
                0x08000918                SPI_Disable_blocking
 .text.SPI_SSI_Configure
                0x08000946       0x38 ./Drivers/Peripherals/Src/SPI_Driver.o
                0x08000946                SPI_SSI_Configure
 *fill*         0x0800097e        0x2 
 .text.SPI2_GPIOInit
                0x08000980       0x5c ./Src/main.o
                0x08000980                SPI2_GPIOInit
 .text.SPI2_Init
                0x080009dc       0x3c ./Src/main.o
                0x080009dc                SPI2_Init
 .text.main     0x08000a18       0x4c ./Src/main.o
                0x08000a18                main
 .text.Reset_Handler
                0x08000a64       0x50 ./Startup/startup_stm32f411retx.o
                0x08000a64                Reset_Handler
 .text.Default_Handler
                0x08000ab4        0x2 ./Startup/startup_stm32f411retx.o
                0x08000ab4                RTC_Alarm_IRQHandler
                0x08000ab4                EXTI2_IRQHandler
                0x08000ab4                DebugMon_Handler
                0x08000ab4                SPI4_IRQHandler
                0x08000ab4                TIM1_CC_IRQHandler
                0x08000ab4                DMA2_Stream5_IRQHandler
                0x08000ab4                HardFault_Handler
                0x08000ab4                DMA1_Stream5_IRQHandler
                0x08000ab4                SysTick_Handler
                0x08000ab4                PVD_IRQHandler
                0x08000ab4                SDIO_IRQHandler
                0x08000ab4                TAMP_STAMP_IRQHandler
                0x08000ab4                PendSV_Handler
                0x08000ab4                NMI_Handler
                0x08000ab4                EXTI3_IRQHandler
                0x08000ab4                TIM1_UP_TIM10_IRQHandler
                0x08000ab4                I2C3_ER_IRQHandler
                0x08000ab4                EXTI0_IRQHandler
                0x08000ab4                I2C2_EV_IRQHandler
                0x08000ab4                DMA1_Stream2_IRQHandler
                0x08000ab4                UsageFault_Handler
                0x08000ab4                DMA2_Stream2_IRQHandler
                0x08000ab4                SPI1_IRQHandler
                0x08000ab4                TIM1_BRK_TIM9_IRQHandler
                0x08000ab4                DMA2_Stream3_IRQHandler
                0x08000ab4                USART6_IRQHandler
                0x08000ab4                DMA2_Stream0_IRQHandler
                0x08000ab4                TIM4_IRQHandler
                0x08000ab4                I2C1_EV_IRQHandler
                0x08000ab4                DMA1_Stream6_IRQHandler
                0x08000ab4                DMA1_Stream1_IRQHandler
                0x08000ab4                TIM3_IRQHandler
                0x08000ab4                RCC_IRQHandler
                0x08000ab4                Default_Handler
                0x08000ab4                EXTI15_10_IRQHandler
                0x08000ab4                ADC_IRQHandler
                0x08000ab4                DMA1_Stream7_IRQHandler
                0x08000ab4                SPI5_IRQHandler
                0x08000ab4                TIM5_IRQHandler
                0x08000ab4                DMA2_Stream7_IRQHandler
                0x08000ab4                I2C3_EV_IRQHandler
                0x08000ab4                EXTI9_5_IRQHandler
                0x08000ab4                RTC_WKUP_IRQHandler
                0x08000ab4                SPI2_IRQHandler
                0x08000ab4                MemManage_Handler
                0x08000ab4                DMA1_Stream0_IRQHandler
                0x08000ab4                SVC_Handler
                0x08000ab4                EXTI4_IRQHandler
                0x08000ab4                WWDG_IRQHandler
                0x08000ab4                TIM2_IRQHandler
                0x08000ab4                OTG_FS_WKUP_IRQHandler
                0x08000ab4                TIM1_TRG_COM_TIM11_IRQHandler
                0x08000ab4                EXTI1_IRQHandler
                0x08000ab4                USART2_IRQHandler
                0x08000ab4                I2C2_ER_IRQHandler
                0x08000ab4                DMA2_Stream1_IRQHandler
                0x08000ab4                FLASH_IRQHandler
                0x08000ab4                DMA2_Stream4_IRQHandler
                0x08000ab4                BusFault_Handler
                0x08000ab4                USART1_IRQHandler
                0x08000ab4                OTG_FS_IRQHandler
                0x08000ab4                SPI3_IRQHandler
                0x08000ab4                DMA1_Stream4_IRQHandler
                0x08000ab4                I2C1_ER_IRQHandler
                0x08000ab4                DMA2_Stream6_IRQHandler
                0x08000ab4                DMA1_Stream3_IRQHandler
 *fill*         0x08000ab6        0x2 
 .text.__libc_init_array
                0x08000ab8       0x48 C:/ST/STM32CubeIDE_1.10.1/STM32CubeIDE/plugins/com.st.stm32cube.ide.mcu.externaltools.gnu-tools-for-stm32.12.3.rel1.win32_1.0.200.202406191623/tools/bin/../lib/gcc/arm-none-eabi/12.3.1/../../../../arm-none-eabi/lib/thumb/v7e-m+fp/hard\libc_nano.a(libc_a-init.o)
                0x08000ab8                __libc_init_array
 *(.glue_7)
 .glue_7        0x08000b00        0x0 linker stubs
 *(.glue_7t)
 .glue_7t       0x08000b00        0x0 linker stubs
 *(.eh_frame)
 .eh_frame      0x08000b00        0x0 C:/ST/STM32CubeIDE_1.10.1/STM32CubeIDE/plugins/com.st.stm32cube.ide.mcu.externaltools.gnu-tools-for-stm32.12.3.rel1.win32_1.0.200.202406191623/tools/bin/../lib/gcc/arm-none-eabi/12.3.1/thumb/v7e-m+fp/hard/crtbegin.o
 *(.init)
 .init          0x08000b00        0x4 C:/ST/STM32CubeIDE_1.10.1/STM32CubeIDE/plugins/com.st.stm32cube.ide.mcu.externaltools.gnu-tools-for-stm32.12.3.rel1.win32_1.0.200.202406191623/tools/bin/../lib/gcc/arm-none-eabi/12.3.1/thumb/v7e-m+fp/hard/crti.o
                0x08000b00                _init
 .init          0x08000b04        0x8 C:/ST/STM32CubeIDE_1.10.1/STM32CubeIDE/plugins/com.st.stm32cube.ide.mcu.externaltools.gnu-tools-for-stm32.12.3.rel1.win32_1.0.200.202406191623/tools/bin/../lib/gcc/arm-none-eabi/12.3.1/thumb/v7e-m+fp/hard/crtn.o
 *(.fini)
 .fini          0x08000b0c        0x4 C:/ST/STM32CubeIDE_1.10.1/STM32CubeIDE/plugins/com.st.stm32cube.ide.mcu.externaltools.gnu-tools-for-stm32.12.3.rel1.win32_1.0.200.202406191623/tools/bin/../lib/gcc/arm-none-eabi/12.3.1/thumb/v7e-m+fp/hard/crti.o
                0x08000b0c                _fini
 .fini          0x08000b10        0x8 C:/ST/STM32CubeIDE_1.10.1/STM32CubeIDE/plugins/com.st.stm32cube.ide.mcu.externaltools.gnu-tools-for-stm32.12.3.rel1.win32_1.0.200.202406191623/tools/bin/../lib/gcc/arm-none-eabi/12.3.1/thumb/v7e-m+fp/hard/crtn.o
                0x08000b18                        . = ALIGN (0x4)
                0x08000b18                        _etext = .

.vfp11_veneer   0x08000b18        0x0
 .vfp11_veneer  0x08000b18        0x0 linker stubs

.v4_bx          0x08000b18        0x0
 .v4_bx         0x08000b18        0x0 linker stubs

.iplt           0x08000b18        0x0
 .iplt          0x08000b18        0x0 C:/ST/STM32CubeIDE_1.10.1/STM32CubeIDE/plugins/com.st.stm32cube.ide.mcu.externaltools.gnu-tools-for-stm32.12.3.rel1.win32_1.0.200.202406191623/tools/bin/../lib/gcc/arm-none-eabi/12.3.1/thumb/v7e-m+fp/hard/crtbegin.o

.rodata         0x08000b18        0xc
                0x08000b18                        . = ALIGN (0x4)
 *(.rodata)
 .rodata        0x08000b18        0xc ./Src/main.o
 *(.rodata*)
                0x08000b24                        . = ALIGN (0x4)

.ARM.extab      0x08000b24        0x0
                0x08000b24                        . = ALIGN (0x4)
 *(.ARM.extab* .gnu.linkonce.armextab.*)
                0x08000b24                        . = ALIGN (0x4)

.ARM            0x08000b24        0x8
                0x08000b24                        . = ALIGN (0x4)
                0x08000b24                        __exidx_start = .
 *(.ARM.exidx*)
 .ARM.exidx     0x08000b24        0x8 C:/ST/STM32CubeIDE_1.10.1/STM32CubeIDE/plugins/com.st.stm32cube.ide.mcu.externaltools.gnu-tools-for-stm32.12.3.rel1.win32_1.0.200.202406191623/tools/bin/../lib/gcc/arm-none-eabi/12.3.1/../../../../arm-none-eabi/lib/thumb/v7e-m+fp/hard\libc_nano.a(libc_a-strlen.o)
                0x08000b2c                        __exidx_end = .
                0x08000b2c                        . = ALIGN (0x4)

.preinit_array  0x08000b2c        0x0
                0x08000b2c                        . = ALIGN (0x4)
                0x08000b2c                        PROVIDE (__preinit_array_start = .)
 *(.preinit_array*)
                0x08000b2c                        PROVIDE (__preinit_array_end = .)
                0x08000b2c                        . = ALIGN (0x4)

.init_array     0x08000b2c        0x4
                0x08000b2c                        . = ALIGN (0x4)
                0x08000b2c                        PROVIDE (__init_array_start = .)
 *(SORT_BY_NAME(.init_array.*))
 *(.init_array*)
 .init_array    0x08000b2c        0x4 C:/ST/STM32CubeIDE_1.10.1/STM32CubeIDE/plugins/com.st.stm32cube.ide.mcu.externaltools.gnu-tools-for-stm32.12.3.rel1.win32_1.0.200.202406191623/tools/bin/../lib/gcc/arm-none-eabi/12.3.1/thumb/v7e-m+fp/hard/crtbegin.o
                0x08000b30                        PROVIDE (__init_array_end = .)
                0x08000b30                        . = ALIGN (0x4)

.fini_array     0x08000b30        0x4
                0x08000b30                        . = ALIGN (0x4)
                [!provide]                        PROVIDE (__fini_array_start = .)
 *(SORT_BY_NAME(.fini_array.*))
 *(.fini_array*)
 .fini_array    0x08000b30        0x4 C:/ST/STM32CubeIDE_1.10.1/STM32CubeIDE/plugins/com.st.stm32cube.ide.mcu.externaltools.gnu-tools-for-stm32.12.3.rel1.win32_1.0.200.202406191623/tools/bin/../lib/gcc/arm-none-eabi/12.3.1/thumb/v7e-m+fp/hard/crtbegin.o
                [!provide]                        PROVIDE (__fini_array_end = .)
                0x08000b34                        . = ALIGN (0x4)
                0x08000b34                        _sidata = LOADADDR (.data)

.rel.dyn        0x08000b34        0x0
 .rel.iplt      0x08000b34        0x0 C:/ST/STM32CubeIDE_1.10.1/STM32CubeIDE/plugins/com.st.stm32cube.ide.mcu.externaltools.gnu-tools-for-stm32.12.3.rel1.win32_1.0.200.202406191623/tools/bin/../lib/gcc/arm-none-eabi/12.3.1/thumb/v7e-m+fp/hard/crtbegin.o

.data           0x20000000        0x0 load address 0x08000b34
                0x20000000                        . = ALIGN (0x4)
                0x20000000                        _sdata = .
 *(.data)
 *(.data*)
 *(.RamFunc)
 *(.RamFunc*)
                0x20000000                        . = ALIGN (0x4)
                0x20000000                        _edata = .

.igot.plt       0x20000000        0x0 load address 0x08000b34
 .igot.plt      0x20000000        0x0 C:/ST/STM32CubeIDE_1.10.1/STM32CubeIDE/plugins/com.st.stm32cube.ide.mcu.externaltools.gnu-tools-for-stm32.12.3.rel1.win32_1.0.200.202406191623/tools/bin/../lib/gcc/arm-none-eabi/12.3.1/thumb/v7e-m+fp/hard/crtbegin.o
                0x20000000                        . = ALIGN (0x4)

.bss            0x20000000       0x1c load address 0x08000b34
                0x20000000                        _sbss = .
                0x20000000                        __bss_start__ = _sbss
 *(.bss)
 .bss           0x20000000       0x1c C:/ST/STM32CubeIDE_1.10.1/STM32CubeIDE/plugins/com.st.stm32cube.ide.mcu.externaltools.gnu-tools-for-stm32.12.3.rel1.win32_1.0.200.202406191623/tools/bin/../lib/gcc/arm-none-eabi/12.3.1/thumb/v7e-m+fp/hard/crtbegin.o
 *(.bss*)
 *(COMMON)
                0x2000001c                        . = ALIGN (0x4)
                0x2000001c                        _ebss = .
                0x2000001c                        __bss_end__ = _ebss

._user_heap_stack
                0x2000001c      0x604 load address 0x08000b34
                0x20000020                        . = ALIGN (0x8)
 *fill*         0x2000001c        0x4 
                [!provide]                        PROVIDE (end = .)
                0x20000020                        PROVIDE (_end = .)
                0x20000220                        . = (. + _Min_Heap_Size)
 *fill*         0x20000020      0x200 
                0x20000620                        . = (. + _Min_Stack_Size)
 *fill*         0x20000220      0x400 
                0x20000620                        . = ALIGN (0x8)

/DISCARD/
 libc.a(*)
 libm.a(*)
 libgcc.a(*)

.ARM.attributes
                0x00000000       0x30
 *(.ARM.attributes)
 .ARM.attributes
                0x00000000       0x22 C:/ST/STM32CubeIDE_1.10.1/STM32CubeIDE/plugins/com.st.stm32cube.ide.mcu.externaltools.gnu-tools-for-stm32.12.3.rel1.win32_1.0.200.202406191623/tools/bin/../lib/gcc/arm-none-eabi/12.3.1/thumb/v7e-m+fp/hard/crti.o
 .ARM.attributes
                0x00000022       0x34 C:/ST/STM32CubeIDE_1.10.1/STM32CubeIDE/plugins/com.st.stm32cube.ide.mcu.externaltools.gnu-tools-for-stm32.12.3.rel1.win32_1.0.200.202406191623/tools/bin/../lib/gcc/arm-none-eabi/12.3.1/thumb/v7e-m+fp/hard/crtbegin.o
 .ARM.attributes
                0x00000056       0x34 ./Drivers/Peripherals/Src/GPIO_Driver.o
 .ARM.attributes
                0x0000008a       0x34 ./Drivers/Peripherals/Src/SPI_Driver.o
 .ARM.attributes
                0x000000be       0x34 ./Src/main.o
 .ARM.attributes
                0x000000f2       0x21 ./Startup/startup_stm32f411retx.o
 .ARM.attributes
                0x00000113       0x34 C:/ST/STM32CubeIDE_1.10.1/STM32CubeIDE/plugins/com.st.stm32cube.ide.mcu.externaltools.gnu-tools-for-stm32.12.3.rel1.win32_1.0.200.202406191623/tools/bin/../lib/gcc/arm-none-eabi/12.3.1/../../../../arm-none-eabi/lib/thumb/v7e-m+fp/hard\libc_nano.a(libc_a-init.o)
 .ARM.attributes
                0x00000147       0x17 C:/ST/STM32CubeIDE_1.10.1/STM32CubeIDE/plugins/com.st.stm32cube.ide.mcu.externaltools.gnu-tools-for-stm32.12.3.rel1.win32_1.0.200.202406191623/tools/bin/../lib/gcc/arm-none-eabi/12.3.1/../../../../arm-none-eabi/lib/thumb/v7e-m+fp/hard\libc_nano.a(libc_a-strlen.o)
 .ARM.attributes
                0x0000015e       0x22 C:/ST/STM32CubeIDE_1.10.1/STM32CubeIDE/plugins/com.st.stm32cube.ide.mcu.externaltools.gnu-tools-for-stm32.12.3.rel1.win32_1.0.200.202406191623/tools/bin/../lib/gcc/arm-none-eabi/12.3.1/thumb/v7e-m+fp/hard/crtn.o
OUTPUT(A00_STM32F411RE_Drivers.elf elf32-littlearm)
LOAD linker stubs
LOAD C:/ST/STM32CubeIDE_1.10.1/STM32CubeIDE/plugins/com.st.stm32cube.ide.mcu.externaltools.gnu-tools-for-stm32.12.3.rel1.win32_1.0.200.202406191623/tools/bin/../lib/gcc/arm-none-eabi/12.3.1/../../../../arm-none-eabi/lib/thumb/v7e-m+fp/hard\libc.a
LOAD C:/ST/STM32CubeIDE_1.10.1/STM32CubeIDE/plugins/com.st.stm32cube.ide.mcu.externaltools.gnu-tools-for-stm32.12.3.rel1.win32_1.0.200.202406191623/tools/bin/../lib/gcc/arm-none-eabi/12.3.1/../../../../arm-none-eabi/lib/thumb/v7e-m+fp/hard\libm.a
LOAD C:/ST/STM32CubeIDE_1.10.1/STM32CubeIDE/plugins/com.st.stm32cube.ide.mcu.externaltools.gnu-tools-for-stm32.12.3.rel1.win32_1.0.200.202406191623/tools/bin/../lib/gcc/arm-none-eabi/12.3.1/thumb/v7e-m+fp/hard\libgcc.a

.debug_info     0x00000000     0x1350
 .debug_info    0x00000000      0x904 ./Drivers/Peripherals/Src/GPIO_Driver.o
 .debug_info    0x00000904      0x5e9 ./Drivers/Peripherals/Src/SPI_Driver.o
 .debug_info    0x00000eed      0x433 ./Src/main.o
 .debug_info    0x00001320       0x30 ./Startup/startup_stm32f411retx.o

.debug_abbrev   0x00000000      0x4b0
 .debug_abbrev  0x00000000      0x1ae ./Drivers/Peripherals/Src/GPIO_Driver.o
 .debug_abbrev  0x000001ae      0x179 ./Drivers/Peripherals/Src/SPI_Driver.o
 .debug_abbrev  0x00000327      0x165 ./Src/main.o
 .debug_abbrev  0x0000048c       0x24 ./Startup/startup_stm32f411retx.o

.debug_aranges  0x00000000      0x180
 .debug_aranges
                0x00000000       0xb0 ./Drivers/Peripherals/Src/GPIO_Driver.o
 .debug_aranges
                0x000000b0       0x78 ./Drivers/Peripherals/Src/SPI_Driver.o
 .debug_aranges
                0x00000128       0x30 ./Src/main.o
 .debug_aranges
                0x00000158       0x28 ./Startup/startup_stm32f411retx.o

.debug_rnglists
                0x00000000      0x114
 .debug_rnglists
                0x00000000       0x83 ./Drivers/Peripherals/Src/GPIO_Driver.o
 .debug_rnglists
                0x00000083       0x59 ./Drivers/Peripherals/Src/SPI_Driver.o
 .debug_rnglists
                0x000000dc       0x1f ./Src/main.o
 .debug_rnglists
                0x000000fb       0x19 ./Startup/startup_stm32f411retx.o

.debug_macro    0x00000000     0x26af
 .debug_macro   0x00000000       0x7b ./Drivers/Peripherals/Src/GPIO_Driver.o
 .debug_macro   0x0000007b      0xac0 ./Drivers/Peripherals/Src/GPIO_Driver.o
 .debug_macro   0x00000b3b       0x22 ./Drivers/Peripherals/Src/GPIO_Driver.o
 .debug_macro   0x00000b5d       0x8e ./Drivers/Peripherals/Src/GPIO_Driver.o
 .debug_macro   0x00000beb       0x51 ./Drivers/Peripherals/Src/GPIO_Driver.o
 .debug_macro   0x00000c3c      0x103 ./Drivers/Peripherals/Src/GPIO_Driver.o
 .debug_macro   0x00000d3f       0x6a ./Drivers/Peripherals/Src/GPIO_Driver.o
 .debug_macro   0x00000da9      0x1df ./Drivers/Peripherals/Src/GPIO_Driver.o
 .debug_macro   0x00000f88      0x4a1 ./Drivers/Peripherals/Src/GPIO_Driver.o
 .debug_macro   0x00001429      0x136 ./Drivers/Peripherals/Src/GPIO_Driver.o
 .debug_macro   0x0000155f       0x7b ./Drivers/Peripherals/Src/SPI_Driver.o
 .debug_macro   0x000015da      0x4a7 ./Drivers/Peripherals/Src/SPI_Driver.o
 .debug_macro   0x00001a81      0x13c ./Drivers/Peripherals/Src/SPI_Driver.o
 .debug_macro   0x00001bbd      0x183 ./Src/main.o
 .debug_macro   0x00001d40       0x61 ./Src/main.o
 .debug_macro   0x00001da1       0x2a ./Src/main.o
 .debug_macro   0x00001dcb       0x43 ./Src/main.o
 .debug_macro   0x00001e0e       0x34 ./Src/main.o
 .debug_macro   0x00001e42      0x189 ./Src/main.o
 .debug_macro   0x00001fcb       0x16 ./Src/main.o
 .debug_macro   0x00001fe1       0x43 ./Src/main.o
 .debug_macro   0x00002024       0x34 ./Src/main.o
 .debug_macro   0x00002058       0x10 ./Src/main.o
 .debug_macro   0x00002068       0x58 ./Src/main.o
 .debug_macro   0x000020c0       0x8e ./Src/main.o
 .debug_macro   0x0000214e       0x1c ./Src/main.o
 .debug_macro   0x0000216a      0x177 ./Src/main.o
 .debug_macro   0x000022e1      0x369 ./Src/main.o
 .debug_macro   0x0000264a       0x10 ./Src/main.o
 .debug_macro   0x0000265a       0x35 ./Src/main.o
 .debug_macro   0x0000268f       0x20 ./Src/main.o

.debug_line     0x00000000     0x1c6c
 .debug_line    0x00000000      0xbba ./Drivers/Peripherals/Src/GPIO_Driver.o
 .debug_line    0x00000bba      0x863 ./Drivers/Peripherals/Src/SPI_Driver.o
 .debug_line    0x0000141d      0x7d4 ./Src/main.o
 .debug_line    0x00001bf1       0x7b ./Startup/startup_stm32f411retx.o

.debug_str      0x00000000     0x9808
 .debug_str     0x00000000     0x5a6f ./Drivers/Peripherals/Src/GPIO_Driver.o
                               0x5c22 (size before relaxing)
 .debug_str     0x00005a6f      0x63b ./Drivers/Peripherals/Src/SPI_Driver.o
                               0x5ba7 (size before relaxing)
 .debug_str     0x000060aa     0x371f ./Src/main.o
                               0x9566 (size before relaxing)
 .debug_str     0x000097c9       0x3f ./Startup/startup_stm32f411retx.o
                                 0xad (size before relaxing)

.comment        0x00000000       0x43
 .comment       0x00000000       0x43 ./Drivers/Peripherals/Src/GPIO_Driver.o
                                 0x44 (size before relaxing)
 .comment       0x00000043       0x44 ./Drivers/Peripherals/Src/SPI_Driver.o
 .comment       0x00000043       0x44 ./Src/main.o

.debug_frame    0x00000000      0x598
 .debug_frame   0x00000000      0x308 ./Drivers/Peripherals/Src/GPIO_Driver.o
 .debug_frame   0x00000308      0x1ec ./Drivers/Peripherals/Src/SPI_Driver.o
 .debug_frame   0x000004f4       0x78 ./Src/main.o
 .debug_frame   0x0000056c       0x2c C:/ST/STM32CubeIDE_1.10.1/STM32CubeIDE/plugins/com.st.stm32cube.ide.mcu.externaltools.gnu-tools-for-stm32.12.3.rel1.win32_1.0.200.202406191623/tools/bin/../lib/gcc/arm-none-eabi/12.3.1/../../../../arm-none-eabi/lib/thumb/v7e-m+fp/hard\libc_nano.a(libc_a-init.o)

.debug_line_str
                0x00000000       0x91
 .debug_line_str
                0x00000000       0x91 ./Startup/startup_stm32f411retx.o
