22:56:46 **** Incremental Build of configuration Debug for project A01_GPIO_Driver ****
make -j8 all 
arm-none-eabi-gcc "../Src/main.c" -mcpu=cortex-m4 -std=gnu11 -g3 -DDEBUG -DNUCLEO_F411RE -DSTM32 -DSTM32F4 -DSTM32F411RETx -c -I../Inc -I"C:/Users/singh/VSCODE/saved_files/EmbeddedSystems/STM32_Embedded/Learning_STM32/A01_GPIO_Driver/Drivers/Inc" -O0 -ffunction-sections -fdata-sections -Wall -fstack-usage -fcyclomatic-complexity -MMD -MP -MF"Src/main.d" -MT"Src/main.o" --specs=nano.specs -mfpu=fpv4-sp-d16 -mfloat-abi=hard -mthumb -o "Src/main.o"
../Src/main.c:23:4: warning: #warning "FPU is not initialized, but the project is compiling for an FPU. Please initialize the FPU before use." [-Wcpp]
   23 |   #warning "FPU is not initialized, but the project is compiling for an FPU. Please initialize the FPU before use."
      |    ^~~~~~~
arm-none-eabi-gcc -o "A01_GPIO_Driver.elf" @"objects.list"   -mcpu=cortex-m4 -T"C:\Users\singh\VSCODE\saved_files\EmbeddedSystems\STM32_Embedded\Learning_STM32\A01_GPIO_Driver\STM32F411RETX_FLASH.ld" --specs=nosys.specs -Wl,-Map="A01_GPIO_Driver.map" -Wl,--gc-sections -static --specs=nano.specs -mfpu=fpv4-sp-d16 -mfloat-abi=hard -mthumb -Wl,--start-group -lc -lm -Wl,--end-group
Finished building target: A01_GPIO_Driver.elf
 
arm-none-eabi-size  A01_GPIO_Driver.elf 
arm-none-eabi-objdump -h -S A01_GPIO_Driver.elf  > "A01_GPIO_Driver.list"
   text	   data	    bss	    dec	    hex	filename
    668	      0	   1568	   2236	    8bc	A01_GPIO_Driver.elf
Finished building: default.size.stdout
 
Finished building: A01_GPIO_Driver.list
 

22:56:47 Build Finished. 0 errors, 1 warnings. (took 771ms)

