../Drivers/Peripherals/Src/GPTimer_Driver.c:32:6:TIMx_ClockEnable	16	static
../Drivers/Peripherals/Src/GPTimer_Driver.c:65:6:TIMx_SetPrescaler	16	static
../Drivers/Peripherals/Src/GPTimer_Driver.c:69:10:TIMx_ComputePrescaler	24	static
../Drivers/Peripherals/Src/GPTimer_Driver.c:73:6:TIMx_SetPeriod	16	static
../Drivers/Peripherals/Src/GPTimer_Driver.c:78:6:TIMx_ConfigMode	16	static
../Drivers/Peripherals/Src/GPTimer_Driver.c:86:6:TIMx_EnableInterrupt	16	static
../Drivers/Peripherals/Src/GPTimer_Driver.c:91:6:TIMx_DisableInterrupt	16	static
../Drivers/Peripherals/Src/GPTimer_Driver.c:97:6:TIMx_Init	16	static
../Drivers/Peripherals/Src/GPTimer_Driver.c:120:6:TIMx_Start	16	static
../Drivers/Peripherals/Src/GPTimer_Driver.c:125:6:TIMx_Stop	16	static
../Drivers/Peripherals/Src/GPTimer_Driver.c:131:6:TIMx_Delay_ms_Init	16	static
../Drivers/Peripherals/Src/GPTimer_Driver.c:146:6:TIMx_Delay_ms	24	static
../Drivers/Peripherals/Src/GPTimer_Driver.c:161:6:TIMx_IRQHandling	16	static
../Drivers/Peripherals/Src/GPTimer_Driver.c:172:6:TIMx_PWM_Init	24	static
../Drivers/Peripherals/Src/GPTimer_Driver.c:191:6:TIMx_PWM_SetAltFunMode	24	static
../Drivers/Peripherals/Src/GPTimer_Driver.c:198:6:TIMx_PWM_SetMode	16	static
../Drivers/Peripherals/Src/GPTimer_Driver.c:203:6:TIMx_PWM_SetOCPreload	16	static
../Drivers/Peripherals/Src/GPTimer_Driver.c:208:6:TIMx_PWM_SetPolarity	16	static
../Drivers/Peripherals/Src/GPTimer_Driver.c:213:6:TIMx_PWM_EnableOutputChannel	16	static
../Drivers/Peripherals/Src/GPTimer_Driver.c:217:6:TIMx_PWM_SetDutyCycle	32	static
../Drivers/Peripherals/Src/GPTimer_Driver.c:243:6:TIMx_PWM_Start	16	static
../Drivers/Peripherals/Src/GPTimer_Driver.c:248:6:TIMx_PWM_Stop	16	static
